ld not find generated setter for class com.facebook.react.views.textinput.ReactTextInputShadowNode
10-26 22:26:16.331  2959  8783 I SarService: Receiver polling >>>> Change receiver mode: off
10-26 22:26:16.531  2959  8783 I SarService: Receiver polling >>>> Change receiver mode: off
10-26 22:26:16.632  1849  5828 I WindowManagerService: Physical orientation applied, rotation=0 sfOrientation=ORIENTATION_0
10-26 22:26:16.638 31922  2292 I ReactNativeJS: [MemoryService] Core memory loaded from storage
10-26 22:26:16.645 31922  2292 I ReactNativeJS: [Database] Initializing SQLite database...
10-26 22:26:16.649  1849  5828 I WindowManagerService: Physical orientation applied, rotation=0 sfOrientation=ORIENTATION_0
10-26 22:26:16.650 31922  2292 W BridgelessReactContext: [WARNING] Bridgeless doesn't support CatalystInstance. Accessing an API that's not part of the new architecture is not encouraged usage.
10-26 22:26:16.655 31922  2292 I ReactNativeJS: [Database] Database opened successfully
10-26 22:26:16.656 31922  2292 I ReactNativeJS: [Database] Creating tables...
10-26 22:26:16.679 31922  2292 E ReactNativeJS: '[Database] Failed to initialize:', [Error: Exception in HostFunction: [op-sqlite] statement execution error: 
no such module: fts5]
10-26 22:26:16.689 31922  2292 E ReactNativeJS: 'Failed to initialize app:', [Error: Exception in HostFunction: [op-sqlite] statement execution error: no such module: fts5]
10-26 22:26:16.696  1849  5828 W InputManager-JNI: Input channel object '26dd2e4 com.localosapp/com.localosapp.MainActivity (client)' was disposed without first being removed with the input manager!
10-26 22:26:16.703  1849  5828 D WindowManager: Input focus has changed to Window{c919a70 u0 com.localosapp/com.localosapp.MainActivity} display=0 updateInputWindows = false
10-26 22:26:16.726 31922 31922 D IS_CTS_MODE: true
10-26 22:26:16.726 31922 31922 D MULTI_WINDOW_SWITCH_ENABLED: false
10-26 22:26:16.731  2959  8783 I SarService: Receiver polling >>>> Change receiver mode: off
10-26 22:26:16.754  1849  2918 D WindowManager: Input focus has changed to Window{bd3b0c5 u0 com.localosapp/com.localosapp.MainActivity} display=0 updateInputWindows = false
10-26 22:26:16.773  1849  2918 I WindowManagerService: Physical orientation applied, rotation=0 sfOrientation=ORIENTATION_0
10-26 22:26:16.792  1849  2918 D WindowManager: finishDrawingLocked: mDrawState=COMMIT_DRAW_PENDING Window{bd3b0c5 u0 com.localosapp/com.localosapp.MainActivity} in Surface(name=com.localosapp/com.localosapp.MainActivity)/@0xc64ff27
10-26 22:26:16.793 31922 31922 D DecorView[]: onWindowFocusChanged hasWindowFocus true
10-26 22:26:16.802  3936  3936 I GoogleInputMethodService: GoogleInputMethodService.onFinishInput():2054 
10-26 22:26:16.803  3936  3936 I Module  : DeviceLockedStatusModuleProvider$Module.updateDeviceLockedStatus():100 repeatCheckTimes = 0, locked = false        
10-26 22:26:16.804  3936  3936 I GoogleInputMethodService: GoogleInputMethodService.onStartInput():1315 onStartInput(EditorInfo{EditorInfo{packageName=com.localosapp, inputType=0, inputTypeString=NULL, enableLearning=false, autoCorrection=false, autoComplete=false, imeOptions=0, privateImeOptions=null, actionName=UNSPECIFIED, actionLabel=null, initialSelStart=-1, initialSelEnd=-1, initialCapsMode=0, label=null, fieldId=-1, fieldName=null, extras=null, hintText=null, hintLocales=[]}}, false)
10-26 22:26:16.805  3936  3936 I Module  : DeviceLockedStatusModuleProvider$Module.updateDeviceLockedStatus():100 repeatCheckTimes = 1, locked = false        
10-26 22:26:16.805 31922 31922 D DecorView[]: onWindowFocusChanged hasWindowFocus false
10-26 22:26:16.816 31922 31922 D DecorView[]: onWindowFocusChanged hasWindowFocus true
10-26 22:26:16.931  2959  8783 I SarService: Receiver polling >>>> Change receiver mode: off
10-26 22:26:17.132  2959  8783 I SarService: Receiver polling >>>> Change receiver mode: off
10-26 22:26:17.332  2959  8783 I SarService: Receiver polling >>>> Change receiver mode: off
10-26 22:26:17.532  2959  8783 I SarService: Receiver polling >>>> Change receiver mode: off
10-26 22:26:17.732  2959  8783 I SarService: Receiver polling >>>> Change receiver mode: off
10-26 22:26:17.789 26639 26639 W ThreadPoolForeg: type=1400 audit(0.0:46840): avc: denied { write } for name="traced_producer" dev="tmpfs" ino=27910 scontext=u:r:gmscore_app:s0:c512,c768 tcontext=u:object_r:traced_producer_socket:s0 tclass=sock_file permissive=0 app=com.google.android.gms
10-26 22:26:17.933  2959  8783 I SarService: Receiver polling >>>> Change receiver mode: off
10-26 22:26:18.133  2959  8783 I SarService: Receiver polling >>>> Change receiver mode: off
10-26 22:26:18.333  2959  8783 I SarService: Receiver polling >>>> Change receiver mode: off
10-26 22:26:18.419  1849  2179 D HeapUsage Monitor: HeapAllocSize : 62MB; monitorSize : 500MB
10-26 22:26:18.534  2959  8783 I SarService: Receiver polling >>>> Change receiver mode: off
10-26 22:26:18.734  2959  8783 I SarService: Receiver polling >>>> Change receiver mode: off
10-26 22:26:18.935  2959  8783 I SarService: Receiver polling >>>> Change receiver mode: off
10-26 22:26:19.135  2959  8783 I SarService: Receiver polling >>>> Change receiver mode: off
10-26 22:26:19.248  1448  1492 I com.milink.runtime:new_milink:DataContentProvider: Call content://provider.milink.mi.com/messenger#poll from com.milink.service, content://provider.milink.mi.com/messenger#poll
10-26 22:26:19.250  1401  1519 I com.milink.service:new_milink:MessengerClient: empty packet, skip it.
10-26 22:26:19.335  2959  8783 I SarService: Receiver polling >>>> Change receiver mode: off